
> social_media@0.1.0 build
> next build

   Γû▓ Next.js 15.3.5
   - Environments: .env.local

   Creating an optimized production build ...
